2026-10-09 22:02:49 started (tips) for roles: mid top jungle bot support
9201 champion/opponent pairs from 173 files -> data/reddit_tips.csv
2026-10-09 22:04:15 tips: data/reddit_tips.csv rebuilt
tips written for 1742 of 1970 matchup rows
2026-10-09 22:04:16 tips: Reddit columns written to roles/top.xlsx
tips written for 1105 of 1811 matchup rows
2026-10-09 22:04:17 tips: Reddit columns written to roles/jungle.xlsx
tips written for 1442 of 1738 matchup rows
2026-10-09 22:04:18 tips: Reddit columns written to midlane_overview.xlsx
tips written for 710 of 944 matchup rows
2026-10-09 22:04:19 tips: Reddit columns written to roles/bot.xlsx
tips written for 980 of 1369 matchup rows
2026-10-09 22:04:20 tips: Reddit columns written to roles/support.xlsx
2026-10-09 22:04:20 finished (tips)
2026-10-09 22:04:20 started (tips) for roles: mid top jungle bot support
2026-10-09 22:04:21 another update is already running, exiting
9201 champion/opponent pairs from 173 files -> data/reddit_tips.csv
2026-10-09 22:05:52 tips: data/reddit_tips.csv rebuilt
tips written for 1742 of 1970 matchup rows
2026-10-09 22:05:54 tips: Reddit columns written to roles/top.xlsx
tips written for 1105 of 1811 matchup rows
2026-10-09 22:05:55 tips: Reddit columns written to roles/jungle.xlsx
tips written for 1442 of 1738 matchup rows
2026-10-09 22:05:56 tips: Reddit columns written to midlane_overview.xlsx
tips written for 710 of 944 matchup rows
2026-10-09 22:05:57 tips: Reddit columns written to roles/bot.xlsx
tips written for 980 of 1369 matchup rows
2026-10-09 22:05:58 tips: Reddit columns written to roles/support.xlsx
2026-10-09 22:05:58 finished (tips)
2026-10-09 22:12:04 started (tips) for roles: mid top jungle bot support
2026-10-09 22:12:06 stopped from the web page (rerun to continue; finished champions are kept)
2026-10-09 22:12:14 started (tips) for roles: mid top jungle bot support
9201 champion/opponent pairs from 173 files -> data/reddit_tips.csv
2026-10-09 22:13:48 tips: data/reddit_tips.csv rebuilt
tips written for 1742 of 1970 matchup rows
2026-10-09 22:13:49 tips: Reddit columns written to roles/top.xlsx
tips written for 1105 of 1811 matchup rows
2026-10-09 22:13:51 tips: Reddit columns written to roles/jungle.xlsx
tips written for 1442 of 1738 matchup rows
2026-10-09 22:13:52 tips: Reddit columns written to midlane_overview.xlsx
tips written for 710 of 944 matchup rows
2026-10-09 22:13:53 tips: Reddit columns written to roles/bot.xlsx
tips written for 980 of 1369 matchup rows
2026-10-09 22:13:54 tips: Reddit columns written to roles/support.xlsx
2026-10-09 22:13:54 finished (tips)
2026-10-09 22:14:07 started (tips) for roles: mid top jungle bot support
9201 champion/opponent pairs from 173 files -> data/reddit_tips.csv
2026-10-09 22:15:39 tips: data/reddit_tips.csv rebuilt
tips written for 1742 of 1970 matchup rows
2026-10-09 22:15:40 tips: Reddit columns written to roles/top.xlsx
tips written for 1105 of 1811 matchup rows
2026-10-09 22:15:40 tips: Reddit columns written to roles/jungle.xlsx
tips written for 1442 of 1738 matchup rows
2026-10-09 22:15:41 tips: Reddit columns written to midlane_overview.xlsx
tips written for 710 of 944 matchup rows
2026-10-09 22:15:42 tips: Reddit columns written to roles/bot.xlsx
tips written for 980 of 1369 matchup rows
2026-10-09 22:15:43 tips: Reddit columns written to roles/support.xlsx
2026-10-09 22:15:43 finished (tips)
2026-10-09 22:15:48 started (tips) for roles: mid top jungle bot support
9201 champion/opponent pairs from 173 files -> data/reddit_tips.csv
2026-10-09 22:17:01 tips: data/reddit_tips.csv rebuilt
tips written for 1742 of 1970 matchup rows
2026-10-09 22:17:02 tips: Reddit columns written to roles/top.xlsx
tips written for 1105 of 1811 matchup rows
2026-10-09 22:17:03 tips: Reddit columns written to roles/jungle.xlsx
tips written for 1442 of 1738 matchup rows
2026-10-09 22:17:03 tips: Reddit columns written to midlane_overview.xlsx
tips written for 710 of 944 matchup rows
2026-10-09 22:17:04 tips: Reddit columns written to roles/bot.xlsx
tips written for 980 of 1369 matchup rows
2026-10-09 22:17:05 tips: Reddit columns written to roles/support.xlsx
2026-10-09 22:17:05 finished (tips)
2026-10-09 22:17:48 started (tips) for roles: mid top jungle bot support
9201 champion/opponent pairs from 173 files -> data/reddit_tips.csv
2026-10-09 22:19:01 tips: data/reddit_tips.csv rebuilt
tips written for 1742 of 1970 matchup rows
2026-10-09 22:19:03 tips: Reddit columns written to roles/top.xlsx
tips written for 1105 of 1811 matchup rows
2026-10-09 22:19:04 tips: Reddit columns written to roles/jungle.xlsx
tips written for 1442 of 1738 matchup rows
2026-10-09 22:19:05 tips: Reddit columns written to midlane_overview.xlsx
tips written for 710 of 944 matchup rows
2026-10-09 22:19:05 tips: Reddit columns written to roles/bot.xlsx
tips written for 980 of 1369 matchup rows
2026-10-09 22:19:06 tips: Reddit columns written to roles/support.xlsx
2026-10-09 22:19:06 finished (tips)
